Archive member included to satisfy reference by file (symbol)

/home/risksis/st/stm32cubeide_1.19.0/plugins/com.st.stm32cube.ide.mcu.externaltools.gnu-tools-for-stm32.13.3.rel1.linux64_1.0.0.202410170706/tools/bin/../lib/gcc/arm-none-eabi/13.3.1/../../../../arm-none-eabi/lib/thumb/v7-m/nofp/libc_nano.a(libc_a-exit.o)
                              /home/risksis/st/stm32cubeide_1.19.0/plugins/com.st.stm32cube.ide.mcu.externaltools.gnu-tools-for-stm32.13.3.rel1.linux64_1.0.0.202410170706/tools/bin/../lib/gcc/arm-none-eabi/13.3.1/../../../../arm-none-eabi/lib/thumb/v7-m/nofp/crt0.o (exit)
/home/risksis/st/stm32cubeide_1.19.0/plugins/com.st.stm32cube.ide.mcu.externaltools.gnu-tools-for-stm32.13.3.rel1.linux64_1.0.0.202410170706/tools/bin/../lib/gcc/arm-none-eabi/13.3.1/../../../../arm-none-eabi/lib/thumb/v7-m/nofp/libc_nano.a(libc_a-findfp.o)
                              /home/risksis/st/stm32cubeide_1.19.0/plugins/com.st.stm32cube.ide.mcu.externaltools.gnu-tools-for-stm32.13.3.rel1.linux64_1.0.0.202410170706/tools/bin/../lib/gcc/arm-none-eabi/13.3.1/../../../../arm-none-eabi/lib/thumb/v7-m/nofp/libc_nano.a(libc_a-exit.o) (__stdio_exit_handler)
/home/risksis/st/stm32cubeide_1.19.0/plugins/com.st.stm32cube.ide.mcu.externaltools.gnu-tools-for-stm32.13.3.rel1.linux64_1.0.0.202410170706/tools/bin/../lib/gcc/arm-none-eabi/13.3.1/../../../../arm-none-eabi/lib/thumb/v7-m/nofp/libc_nano.a(libc_a-fwalk.o)
                              /home/risksis/st/stm32cubeide_1.19.0/plugins/com.st.stm32cube.ide.mcu.externaltools.gnu-tools-for-stm32.13.3.rel1.linux64_1.0.0.202410170706/tools/bin/../lib/gcc/arm-none-eabi/13.3.1/../../../../arm-none-eabi/lib/thumb/v7-m/nofp/libc_nano.a(libc_a-findfp.o) (_fwalk_sglue)
/home/risksis/st/stm32cubeide_1.19.0/plugins/com.st.stm32cube.ide.mcu.externaltools.gnu-tools-for-stm32.13.3.rel1.linux64_1.0.0.202410170706/tools/bin/../lib/gcc/arm-none-eabi/13.3.1/../../../../arm-none-eabi/lib/thumb/v7-m/nofp/libc_nano.a(libc_a-stdio.o)
                              /home/risksis/st/stm32cubeide_1.19.0/plugins/com.st.stm32cube.ide.mcu.externaltools.gnu-tools-for-stm32.13.3.rel1.linux64_1.0.0.202410170706/tools/bin/../lib/gcc/arm-none-eabi/13.3.1/../../../../arm-none-eabi/lib/thumb/v7-m/nofp/libc_nano.a(libc_a-findfp.o) (__sread)
/home/risksis/st/stm32cubeide_1.19.0/plugins/com.st.stm32cube.ide.mcu.externaltools.gnu-tools-for-stm32.13.3.rel1.linux64_1.0.0.202410170706/tools/bin/../lib/gcc/arm-none-eabi/13.3.1/../../../../arm-none-eabi/lib/thumb/v7-m/nofp/libc_nano.a(libc_a-memset.o)
                              /home/risksis/st/stm32cubeide_1.19.0/plugins/com.st.stm32cube.ide.mcu.externaltools.gnu-tools-for-stm32.13.3.rel1.linux64_1.0.0.202410170706/tools/bin/../lib/gcc/arm-none-eabi/13.3.1/../../../../arm-none-eabi/lib/thumb/v7-m/nofp/crt0.o (memset)
/home/risksis/st/stm32cubeide_1.19.0/plugins/com.st.stm32cube.ide.mcu.externaltools.gnu-tools-for-stm32.13.3.rel1.linux64_1.0.0.202410170706/tools/bin/../lib/gcc/arm-none-eabi/13.3.1/../../../../arm-none-eabi/lib/thumb/v7-m/nofp/libc_nano.a(libc_a-closer.o)
                              /home/risksis/st/stm32cubeide_1.19.0/plugins/com.st.stm32cube.ide.mcu.externaltools.gnu-tools-for-stm32.13.3.rel1.linux64_1.0.0.202410170706/tools/bin/../lib/gcc/arm-none-eabi/13.3.1/../../../../arm-none-eabi/lib/thumb/v7-m/nofp/libc_nano.a(libc_a-stdio.o) (_close_r)
/home/risksis/st/stm32cubeide_1.19.0/plugins/com.st.stm32cube.ide.mcu.externaltools.gnu-tools-for-stm32.13.3.rel1.linux64_1.0.0.202410170706/tools/bin/../lib/gcc/arm-none-eabi/13.3.1/../../../../arm-none-eabi/lib/thumb/v7-m/nofp/libc_nano.a(libc_a-reent.o)
                              /home/risksis/st/stm32cubeide_1.19.0/plugins/com.st.stm32cube.ide.mcu.externaltools.gnu-tools-for-stm32.13.3.rel1.linux64_1.0.0.202410170706/tools/bin/../lib/gcc/arm-none-eabi/13.3.1/../../../../arm-none-eabi/lib/thumb/v7-m/nofp/libc_nano.a(libc_a-closer.o) (errno)
/home/risksis/st/stm32cubeide_1.19.0/plugins/com.st.stm32cube.ide.mcu.externaltools.gnu-tools-for-stm32.13.3.rel1.linux64_1.0.0.202410170706/tools/bin/../lib/gcc/arm-none-eabi/13.3.1/../../../../arm-none-eabi/lib/thumb/v7-m/nofp/libc_nano.a(libc_a-impure.o)
                              /home/risksis/st/stm32cubeide_1.19.0/plugins/com.st.stm32cube.ide.mcu.externaltools.gnu-tools-for-stm32.13.3.rel1.linux64_1.0.0.202410170706/tools/bin/../lib/gcc/arm-none-eabi/13.3.1/../../../../arm-none-eabi/lib/thumb/v7-m/nofp/libc_nano.a(libc_a-reent.o) (_impure_ptr)
/home/risksis/st/stm32cubeide_1.19.0/plugins/com.st.stm32cube.ide.mcu.externaltools.gnu-tools-for-stm32.13.3.rel1.linux64_1.0.0.202410170706/tools/bin/../lib/gcc/arm-none-eabi/13.3.1/../../../../arm-none-eabi/lib/thumb/v7-m/nofp/libc_nano.a(libc_a-lseekr.o)
[...]
Memory Configuration

Name             Origin             Length             Attributes
RAM              0x20000000         0x00005000         xrw
FLASH            0x08000000         0x00010000         xr
*default*        0x00000000         0xffffffff

Linker script and memory map

LOAD /home/risksis/st/stm32cubeide_1.19.0/plugins/com.st.stm32cube.ide.mcu.externaltools.gnu-tools-for-stm32.13.3.rel1.linux64_1.0.0.202410170706/tools/bin/../lib/gcc/arm-none-eabi/13.3.1/thumb/v7-m/nofp/crti.o
LOAD /home/risksis/st/stm32cubeide_1.19.0/plugins/com.st.stm32cube.ide.mcu.externaltools.gnu-tools-for-stm32.13.3.rel1.linux64_1.0.0.202410170706/tools/bin/../lib/gcc/arm-none-eabi/13.3.1/thumb/v7-m/nofp/crtbegin.o
LOAD /home/risksis/st/stm32cubeide_1.19.0/plugins/com.st.stm32cube.ide.mcu.externaltools.gnu-tools-for-stm32.13.3.rel1.linux64_1.0.0.202410170706/tools/bin/../lib/gcc/arm-none-eabi/13.3.1/../../../../arm-none-eabi/lib/thumb/v7-m/nofp/crt0.o
LOAD ./Core/Src/gpio.o
LOAD ./Core/Src/main.o
LOAD ./Core/Src/stm32f1xx_hal_msp.o
LOAD ./Core/Src/stm32f1xx_it.o
LOAD ./Core/Src/syscalls.o
LOAD ./Core/Src/sysmem.o
LOAD ./Core/Src/system_stm32f1xx.o
LOAD ./Core/Src/tim.o
LOAD ./Core/Src/usart.o
LOAD ./Core/Startup/startup_stm32f103c8tx.o
LOAD ./Drivers/STM32F1xx_HAL_Driver/Src/stm32f1xx_hal.o
LOAD ./Drivers/STM32F1xx_HAL_Driver/Src/stm32f1xx_hal_cortex.o
LOAD ./Drivers/STM32F1xx_HAL_Driver/Src/stm32f1xx_hal_dma.o
LOAD ./Drivers/STM32F1xx_HAL_Driver/Src/stm32f1xx_hal_exti.o
LOAD ./Drivers/STM32F1xx_HAL_Driver/Src/stm32f1xx_hal_flash.o
LOAD ./Drivers/STM32F1xx_HAL_Driver/Src/stm32f1xx_hal_flash_ex.o
LOAD ./Drivers/STM32F1xx_HAL_Driver/Src/stm32f1xx_hal_gpio.o
LOAD ./Drivers/STM32F1xx_HAL_Driver/Src/stm32f1xx_hal_gpio_ex.o
LOAD ./Drivers/STM32F1xx_HAL_Driver/Src/stm32f1xx_hal_pwr.o
LOAD ./Drivers/STM32F1xx_HAL_Driver/Src/stm32f1xx_hal_rcc.o
LOAD ./Drivers/STM32F1xx_HAL_Driver/Src/stm32f1xx_hal_rcc_ex.o
LOAD ./Drivers/STM32F1xx_HAL_Driver/Src/stm32f1xx_hal_tim.o
LOAD ./Drivers/STM32F1xx_HAL_Driver/Src/stm32f1xx_hal_tim_ex.o
LOAD ./Drivers/STM32F1xx_HAL_Driver/Src/stm32f1xx_hal_uart.o
START GROUP
LOAD /home/risksis/st/stm32cubeide_1.19.0/plugins/com.st.stm32cube.ide.mcu.externaltools.gnu-tools-for-stm32.13.3.rel1.linux64_1.0.0.202410170706/tools/bin/../lib/gcc/arm-none-eabi/13.3.1/../../../../arm-none-eabi/lib/thumb/v7-m/nofp/libc_nano.a
LOAD /home/risksis/st/stm32cubeide_1.19.0/plugins/com.st.stm32cube.ide.mcu.externaltools.gnu-tools-for-stm32.13.3.rel1.linux64_1.0.0.202410170706/tools/bin/../lib/gcc/arm-none-eabi/13.3.1/../../../../arm-none-eabi/lib/thumb/v7-m/nofp/libm.a
END GROUP
START GROUP
LOAD /home/risksis/st/stm32cubeide_1.19.0/plugins/com.st.stm32cube.ide.mcu.externaltools.gnu-tools-for-stm32.13.3.rel1.linux64_1.0.0.202410170706/tools/bin/../lib/gcc/arm-none-eabi/13.3.1/thumb/v7-m/nofp/libgcc.a
LOAD /home/risksis/st/stm32cubeide_1.19.0/plugins/com.st.stm32cube.ide.mcu.externaltools.gnu-tools-for-stm32.13.3.rel1.linux64_1.0.0.202410170706/tools/bin/../lib/gcc/arm-none-eabi/13.3.1/../../../../arm-none-eabi/lib/thumb/v7-m/nofp/libc_nano.a
END GROUP
START GROUP
LOAD /home/risksis/st/stm32cubeide_1.19.0/plugins/com.st.stm32cube.ide.mcu.externaltools.gnu-tools-for-stm32.13.3.rel1.linux64_1.0.0.202410170706/tools/bin/../lib/gcc/arm-none-eabi/13.3.1/thumb/v7-m/nofp/libgcc.a
LOAD /home/risksis/st/stm32cubeide_1.19.0/plugins/com.st.stm32cube.ide.mcu.externaltools.gnu-tools-for-stm32.13.3.rel1.linux64_1.0.0.202410170706/tools/bin/../lib/gcc/arm-none-eabi/13.3.1/../../../../arm-none-eabi/lib/thumb/v7-m/nofp/libc_nano.a
LOAD /home/risksis/st/stm32cubeide_1.19.0/plugins/com.st.stm32cube.ide.mcu.externaltools.gnu-tools-for-stm32.13.3.rel1.linux64_1.0.0.202410170706/tools/bin/../lib/gcc/arm-none-eabi/13.3.1/../../../../arm-none-eabi/lib/thumb/v7-m/nofp/libnosys.a
END GROUP
START GROUP
LOAD /home/risksis/st/stm32cubeide_1.19.0/plugins/com.st.stm32cube.ide.mcu.externaltools.gnu-tools-for-stm32.13.3.rel1.linux64_1.0.0.202410170706/tools/bin/../lib/gcc/arm-none-eabi/13.3.1/thumb/v7-m/nofp/libgcc.a
LOAD /home/risksis/st/stm32cubeide_1.19.0/plugins/com.st.stm32cube.ide.mcu.externaltools.gnu-tools-for-stm32.13.3.rel1.linux64_1.0.0.202410170706/tools/bin/../lib/gcc/arm-none-eabi/13.3.1/../../../../arm-none-eabi/lib/thumb/v7-m/nofp/libc_nano.a
LOAD /home/risksis/st/stm32cubeide_1.19.0/plugins/com.st.stm32cube.ide.mcu.externaltools.gnu-tools-for-stm32.13.3.rel1.linux64_1.0.0.202410170706/tools/bin/../lib/gcc/arm-none-eabi/13.3.1/../../../../arm-none-eabi/lib/thumb/v7-m/nofp/libnosys.a
END GROUP
LOAD /home/risksis/st/stm32cubeide_1.19.0/plugins/com.st.stm32cube.ide.mcu.externaltools.gnu-tools-for-stm32.13.3.rel1.linux64_1.0.0.202410170706/tools/bin/../lib/gcc/arm-none-eabi/13.3.1/thumb/v7-m/nofp/crtend.o
LOAD /home/risksis/st/stm32cubeide_1.19.0/plugins/com.st.stm32cube.ide.mcu.externaltools.gnu-tools-for-stm32.13.3.rel1.linux64_1.0.0.202410170706/tools/bin/../lib/gcc/arm-none-eabi/13.3.1/thumb/v7-m/nofp/crtn.o
                0x20005000                        _estack = (ORIGIN (RAM) + LENGTH (RAM))
                0x00000200                        _Min_Heap_Size = 0x200
                0x00000400                        _Min_Stack_Size = 0x400

.isr_vector     0x08000000      0x10c
                0x08000000                        . = ALIGN (0x4)
 *(.isr_vector)
 .isr_vector    0x08000000      0x10c ./Core/Startup/startup_stm32f103c8tx.o
                0x08000000                g_pfnVectors
                0x0800010c                        . = ALIGN (0x4)

.text           0x0800010c     0x24f4
                0x0800010c                        . = ALIGN (0x4)
 *(.text)
 .text          0x0800010c       0x40 /home/risksis/st/stm32cubeide_1.19.0/plugins/com.st.stm32cube.ide.mcu.externaltools.gnu-tools-for-stm32.13.3.rel1.linux64_1.0.0.202410170706/tools/bin/../lib/gcc/arm-none-eabi/13.3.1/thumb/v7-m/nofp/crtbegin.o
 *(.text*)
 .text.MX_GPIO_Init
                0x0800014c       0x5c ./Core/Src/gpio.o
                0x0800014c                MX_GPIO_Init
 .text.main     0x080001a8       0x20 ./Core/Src/main.o
                0x080001a8                main
 .text.SystemClock_Config
                0x080001c8       0x76 ./Core/Src/main.o
                0x080001c8                SystemClock_Config
 .text.Error_Handler
                0x0800023e        0xc ./Core/Src/main.o
                0x0800023e                Error_Handler
 *fill*         0x0800024a        0x2 
 .text.HAL_MspInit
                0x0800024c       0x64 ./Core/Src/stm32f1xx_hal_msp.o
                0x0800024c                HAL_MspInit
 .text.NMI_Handler
                0x080002b0        0x8 ./Core/Src/stm32f1xx_it.o
                0x080002b0                NMI_Handler
 .text.HardFault_Handler
                0x080002b8        0x8 ./Core/Src/stm32f1xx_it.o
                0x080002b8                HardFault_Handler
 .text.MemManage_Handler
                0x080002c0        0x8 ./Core/Src/stm32f1xx_it.o
                0x080002c0                MemManage_Handler
 .text.BusFault_Handler
                0x080002c8        0x8 ./Core/Src/stm32f1xx_it.o
                0x080002c8                BusFault_Handler
 .text.UsageFault_Handler
                0x080002d0        0x8 ./Core/Src/stm32f1xx_it.o
                0x080002d0                UsageFault_Handler
 .text.SVC_Handler
                0x080002d8        0xc ./Core/Src/stm32f1xx_it.o
                0x080002d8                SVC_Handler
 .text.DebugMon_Handler
                0x080002e4        0xc ./Core/Src/stm32f1xx_it.o
                0x080002e4                DebugMon_Handler
 .text.PendSV_Handler
                0x080002f0        0xc ./Core/Src/stm32f1xx_it.o
                0x080002f0                PendSV_Handler
 .text.SysTick_Handler
                0x080002fc        0xc ./Core/Src/stm32f1xx_it.o
                0x080002fc                SysTick_Handler
 .text.SystemInit
                0x08000308        0xc ./Core/Src/system_stm32f1xx.o
                0x08000308                SystemInit
 .text.MX_TIM1_Init
                0x08000314      0x170 ./Core/Src/tim.o
                0x08000314                MX_TIM1_Init
 .text.MX_TIM2_Init
                0x08000484       0xb0 ./Core/Src/tim.o
                0x08000484                MX_TIM2_Init
 .text.HAL_TIM_IC_MspInit
                0x08000534       0x80 ./Core/Src/tim.o
                0x08000534                HAL_TIM_IC_MspInit
 .text.HAL_TIM_OC_MspInit
                0x080005b4       0x38 ./Core/Src/tim.o
                0x080005b4                HAL_TIM_OC_MspInit
 .text.HAL_TIM_MspPostInit
                0x080005ec       0xa4 ./Core/Src/tim.o
                0x080005ec                HAL_TIM_MspPostInit
 .text.MX_USART1_UART_Init
                0x08000690       0x54 ./Core/Src/usart.o
                0x08000690                MX_USART1_UART_Init
 .text.HAL_UART_MspInit
                0x080006e4       0xb4 ./Core/Src/usart.o
                0x080006e4                HAL_UART_MspInit
 .text.Reset_Handler
                0x08000798       0x48 ./Core/Startup/startup_stm32f103c8tx.o
                0x08000798                Reset_Handler
 .text.Default_Handler
                0x080007e0        0x2 ./Core/Startup/startup_stm32f103c8tx.o
                0x080007e0                RTC_Alarm_IRQHandler
                0x080007e0                EXTI2_IRQHandler
                0x080007e0                TIM1_CC_IRQHandler
                0x080007e0                PVD_IRQHandler
                0x080007e0                EXTI3_IRQHandler
                0x080007e0                EXTI0_IRQHandler
                0x080007e0                I2C2_EV_IRQHandler
                0x080007e0                ADC1_2_IRQHandler
                0x080007e0                SPI1_IRQHandler
                0x080007e0                TAMPER_IRQHandler
                0x080007e0                DMA1_Channel4_IRQHandler
                0x080007e0                USART3_IRQHandler
                0x080007e0                RTC_IRQHandler
                0x080007e0                DMA1_Channel7_IRQHandler
                0x080007e0                CAN1_RX1_IRQHandler
                0x080007e0                TIM4_IRQHandler
                0x080007e0                I2C1_EV_IRQHandler
                0x080007e0                DMA1_Channel6_IRQHandler
                0x080007e0                TIM3_IRQHandler
                0x080007e0                RCC_IRQHandler
                0x080007e0                TIM1_TRG_COM_IRQHandler
                0x080007e0                DMA1_Channel1_IRQHandler
                0x080007e0                Default_Handler
                0x080007e0                EXTI15_10_IRQHandler
                0x080007e0                EXTI9_5_IRQHandler
                0x080007e0                SPI2_IRQHandler
                0x080007e0                DMA1_Channel5_IRQHandler
                0x080007e0                EXTI4_IRQHandler
                0x080007e0                USB_LP_CAN1_RX0_IRQHandler
                0x080007e0                USB_HP_CAN1_TX_IRQHandler
                0x080007e0                DMA1_Channel3_IRQHandler
                0x080007e0                TIM1_UP_IRQHandler
                0x080007e0                WWDG_IRQHandler
                0x080007e0                TIM2_IRQHandler
                0x080007e0                TIM1_BRK_IRQHandler
                0x080007e0                EXTI1_IRQHandler
                0x080007e0                USART2_IRQHandler
                0x080007e0                I2C2_ER_IRQHandler
                0x080007e0                DMA1_Channel2_IRQHandler
                0x080007e0                CAN1_SCE_IRQHandler
                0x080007e0                FLASH_IRQHandler
                0x080007e0                USART1_IRQHandler
                0x080007e0                I2C1_ER_IRQHandler
                0x080007e0                USBWakeUp_IRQHandler
 *fill*         0x080007e2        0x2 
 .text.HAL_Init
                0x080007e4       0x2c ./Drivers/STM32F1xx_HAL_Driver/Src/stm32f1xx_hal.o
                0x080007e4                HAL_Init
 .text.HAL_InitTick
                0x08000810       0x60 ./Drivers/STM32F1xx_HAL_Driver/Src/stm32f1xx_hal.o
                0x08000810                HAL_InitTick
 .text.HAL_IncTick
                0x08000870       0x24 ./Drivers/STM32F1xx_HAL_Driver/Src/stm32f1xx_hal.o
                0x08000870                HAL_IncTick
 .text.HAL_GetTick
                0x08000894       0x14 ./Drivers/STM32F1xx_HAL_Driver/Src/stm32f1xx_hal.o
                0x08000894                HAL_GetTick
 .text.__NVIC_SetPriorityGrouping
                0x080008a8       0x48 ./Drivers/STM32F1xx_HAL_Driver/Src/stm32f1xx_hal_cortex.o
 .text.__NVIC_GetPriorityGrouping
                0x080008f0       0x1c ./Drivers/STM32F1xx_HAL_Driver/Src/stm32f1xx_hal_cortex.o
 .text.__NVIC_SetPriority
                0x0800090c       0x54 ./Drivers/STM32F1xx_HAL_Driver/Src/stm32f1xx_hal_cortex.o
 .text.NVIC_EncodePriority
                0x08000960       0x64 ./Drivers/STM32F1xx_HAL_Driver/Src/stm32f1xx_hal_cortex.o
 .text.SysTick_Config
                0x080009c4       0x44 ./Drivers/STM32F1xx_HAL_Driver/Src/stm32f1xx_hal_cortex.o
 .text.HAL_NVIC_SetPriorityGrouping
                0x08000a08       0x16 ./Drivers/STM32F1xx_HAL_Driver/Src/stm32f1xx_hal_cortex.o
                0x08000a08                HAL_NVIC_SetPriorityGrouping
 .text.HAL_NVIC_SetPriority
                0x08000a1e       0x38 ./Drivers/STM32F1xx_HAL_Driver/Src/stm32f1xx_hal_cortex.o
                0x08000a1e                HAL_NVIC_SetPriority
 .text.HAL_SYSTICK_Config
                0x08000a56       0x18 ./Drivers/STM32F1xx_HAL_Driver/Src/stm32f1xx_hal_cortex.o
                0x08000a56                HAL_SYSTICK_Config
 *fill*         0x08000a6e        0x2 
 .text.HAL_GPIO_Init
                0x08000a70      0x308 ./Drivers/STM32F1xx_HAL_Driver/Src/stm32f1xx_hal_gpio.o
                0x08000a70                HAL_GPIO_Init
 .text.HAL_RCC_OscConfig
                0x08000d78      0x504 ./Drivers/STM32F1xx_HAL_Driver/Src/stm32f1xx_hal_rcc.o
                0x08000d78                HAL_RCC_OscConfig
 .text.HAL_RCC_ClockConfig
                0x0800127c      0x1d4 ./Drivers/STM32F1xx_HAL_Driver/Src/stm32f1xx_hal_rcc.o
                0x0800127c                HAL_RCC_ClockConfig
 .text.HAL_RCC_GetSysClockFreq
                0x08001450       0xa8 ./Drivers/STM32F1xx_HAL_Driver/Src/stm32f1xx_hal_rcc.o
                0x08001450                HAL_RCC_GetSysClockFreq
 .text.HAL_RCC_GetHCLKFreq
                0x080014f8       0x14 ./Drivers/STM32F1xx_HAL_Driver/Src/stm32f1xx_hal_rcc.o
                0x080014f8                HAL_RCC_GetHCLKFreq
 .text.HAL_RCC_GetPCLK1Freq
                0x0800150c       0x28 ./Drivers/STM32F1xx_HAL_Driver/Src/stm32f1xx_hal_rcc.o
                0x0800150c                HAL_RCC_GetPCLK1Freq
 .text.HAL_RCC_GetPCLK2Freq
                0x08001534       0x28 ./Drivers/STM32F1xx_HAL_Driver/Src/stm32f1xx_hal_rcc.o
                0x08001534                HAL_RCC_GetPCLK2Freq
 .text.RCC_Delay
                0x0800155c       0x3c ./Drivers/STM32F1xx_HAL_Driver/Src/stm32f1xx_hal_rcc.o
 .text.HAL_TIM_OC_Init
                0x08001598       0x9e ./Drivers/STM32F1xx_HAL_Driver/Src/stm32f1xx_hal_tim.o
                0x08001598                HAL_TIM_OC_Init
 *fill*         0x08001636        0x2 
 .text.HAL_TIM_PWM_Start
                0x08001638      0x144 ./Drivers/STM32F1xx_HAL_Driver/Src/stm32f1xx_hal_tim.o
                0x08001638                HAL_TIM_PWM_Start
 .text.HAL_TIM_IC_Init
                0x0800177c       0x9e ./Drivers/STM32F1xx_HAL_Driver/Src/stm32f1xx_hal_tim.o
                0x0800177c                HAL_TIM_IC_Init
 *fill*         0x0800181a        0x2 
 .text.HAL_TIM_IC_Start_IT
                0x0800181c      0x218 ./Drivers/STM32F1xx_HAL_Driver/Src/stm32f1xx_hal_tim.o
                0x0800181c                HAL_TIM_IC_Start_IT
 .text.HAL_TIM_OC_ConfigChannel
                0x08001a34       0xb8 ./Drivers/STM32F1xx_HAL_Driver/Src/stm32f1xx_hal_tim.o
                0x08001a34                HAL_TIM_OC_ConfigChannel
 .text.HAL_TIM_IC_ConfigChannel
                0x08001aec      0x138 ./Drivers/STM32F1xx_HAL_Driver/Src/stm32f1xx_hal_tim.o
                0x08001aec                HAL_TIM_IC_ConfigChannel
 .text.TIM_Base_SetConfig
                0x08001c24       0xdc ./Drivers/STM32F1xx_HAL_Driver/Src/stm32f1xx_hal_tim.o
                0x08001c24                TIM_Base_SetConfig
 .text.TIM_OC1_SetConfig
                0x08001d00       0xcc ./Drivers/STM32F1xx_HAL_Driver/Src/stm32f1xx_hal_tim.o
 .text.TIM_OC2_SetConfig
                0x08001dcc       0xd4 ./Drivers/STM32F1xx_HAL_Driver/Src/stm32f1xx_hal_tim.o
                0x08001dcc                TIM_OC2_SetConfig
 .text.TIM_OC3_SetConfig
                0x08001ea0       0xd4 ./Drivers/STM32F1xx_HAL_Driver/Src/stm32f1xx_hal_tim.o
 .text.TIM_OC4_SetConfig
                0x08001f74       0x9c ./Drivers/STM32F1xx_HAL_Driver/Src/stm32f1xx_hal_tim.o
 .text.TIM_TI1_SetConfig
                0x08002010       0xb4 ./Drivers/STM32F1xx_HAL_Driver/Src/stm32f1xx_hal_tim.o
                0x08002010                TIM_TI1_SetConfig
 .text.TIM_TI2_SetConfig
                0x080020c4       0x78 ./Drivers/STM32F1xx_HAL_Driver/Src/stm32f1xx_hal_tim.o
 .text.TIM_TI3_SetConfig
                0x0800213c       0x76 ./Drivers/STM32F1xx_HAL_Driver/Src/stm32f1xx_hal_tim.o
 .text.TIM_TI4_SetConfig
                0x080021b2       0x78 ./Drivers/STM32F1xx_HAL_Driver/Src/stm32f1xx_hal_tim.o
 .text.TIM_CCxChannelCmd
                0x0800222a       0x48 ./Drivers/STM32F1xx_HAL_Driver/Src/stm32f1xx_hal_tim.o
                0x0800222a                TIM_CCxChannelCmd
 *fill*         0x08002272        0x2 
 .text.HAL_TIMEx_MasterConfigSynchronization
                0x08002274       0xbc ./Drivers/STM32F1xx_HAL_Driver/Src/stm32f1xx_hal_tim_ex.o
                0x08002274                HAL_TIMEx_MasterConfigSynchronization
 .text.HAL_TIMEx_ConfigBreakDeadTime
                0x08002330       0xa2 ./Drivers/STM32F1xx_HAL_Driver/Src/stm32f1xx_hal_tim_ex.o
                0x08002330                HAL_TIMEx_ConfigBreakDeadTime
 .text.HAL_UART_Init
                0x080023d2       0xa0 ./Drivers/STM32F1xx_HAL_Driver/Src/stm32f1xx_hal_uart.o
                0x080023d2                HAL_UART_Init
 *fill*         0x08002472        0x2 
 .text.UART_SetConfig
                0x08002474      0x11c ./Drivers/STM32F1xx_HAL_Driver/Src/stm32f1xx_hal_uart.o
 .text.memset   0x08002590       0x10 /home/risksis/st/stm32cubeide_1.19.0/plugins/com.st.stm32cube.ide.mcu.externaltools.gnu-tools-for-stm32.13.3.rel1.linux64_1.0.0.202410170706/tools/bin/../lib/gcc/arm-none-eabi/13.3.1/../../../../arm-none-eabi/lib/thumb/v7-m/nofp/libc_nano.a(libc_a-memset.o)
                0x08002590                memset
 .text.__libc_init_array
                0x080025a0       0x48 /home/risksis/st/stm32cubeide_1.19.0/plugins/com.st.stm32cube.ide.mcu.externaltools.gnu-tools-for-stm32.13.3.rel1.linux64_1.0.0.202410170706/tools/bin/../lib/gcc/arm-none-eabi/13.3.1/../../../../arm-none-eabi/lib/thumb/v7-m/nofp/libc_nano.a(libc_a-init.o)
                0x080025a0                __libc_init_array
 *(.glue_7)
 .glue_7        0x080025e8        0x0 linker stubs
 *(.glue_7t)
 .glue_7t       0x080025e8        0x0 linker stubs
 *(.eh_frame)
 .eh_frame      0x080025e8        0x0 /home/risksis/st/stm32cubeide_1.19.0/plugins/com.st.stm32cube.ide.mcu.externaltools.gnu-tools-for-stm32.13.3.rel1.linux64_1.0.0.202410170706/tools/bin/../lib/gcc/arm-none-eabi/13.3.1/thumb/v7-m/nofp/crtbegin.o
 *(.init)
 .init          0x080025e8        0x4 /home/risksis/st/stm32cubeide_1.19.0/plugins/com.st.stm32cube.ide.mcu.externaltools.gnu-tools-for-stm32.13.3.rel1.linux64_1.0.0.202410170706/tools/bin/../lib/gcc/arm-none-eabi/13.3.1/thumb/v7-m/nofp/crti.o
                0x080025e8                _init
 .init          0x080025ec        0x8 /home/risksis/st/stm32cubeide_1.19.0/plugins/com.st.stm32cube.ide.mcu.externaltools.gnu-tools-for-stm32.13.3.rel1.linux64_1.0.0.202410170706/tools/bin/../lib/gcc/arm-none-eabi/13.3.1/thumb/v7-m/nofp/crtn.o
 *(.fini)
 .fini          0x080025f4        0x4 /home/risksis/st/stm32cubeide_1.19.0/plugins/com.st.stm32cube.ide.mcu.externaltools.gnu-tools-for-stm32.13.3.rel1.linux64_1.0.0.202410170706/tools/bin/../lib/gcc/arm-none-eabi/13.3.1/thumb/v7-m/nofp/crti.o
                0x080025f4                _fini
 .fini          0x080025f8        0x8 /home/risksis/st/stm32cubeide_1.19.0/plugins/com.st.stm32cube.ide.mcu.externaltools.gnu-tools-for-stm32.13.3.rel1.linux64_1.0.0.202410170706/tools/bin/../lib/gcc/arm-none-eabi/13.3.1/thumb/v7-m/nofp/crtn.o
                0x08002600                        . = ALIGN (0x4)
                0x08002600                        _etext = .

.vfp11_veneer   0x08002600        0x0
 .vfp11_veneer  0x08002600        0x0 linker stubs

.v4_bx          0x08002600        0x0
 .v4_bx         0x08002600        0x0 linker stubs

.iplt           0x08002600        0x0
 .iplt          0x08002600        0x0 /home/risksis/st/stm32cubeide_1.19.0/plugins/com.st.stm32cube.ide.mcu.externaltools.gnu-tools-for-stm32.13.3.rel1.linux64_1.0.0.202410170706/tools/bin/../lib/gcc/arm-none-eabi/13.3.1/thumb/v7-m/nofp/crtbegin.o

.rodata         0x08002600       0x2c
                0x08002600                        . = ALIGN (0x4)
 *(.rodata)
 *(.rodata*)
 .rodata.AHBPrescTable
                0x08002600       0x10 ./Core/Src/system_stm32f1xx.o
                0x08002600                AHBPrescTable
 .rodata.APBPrescTable
                0x08002610        0x8 ./Core/Src/system_stm32f1xx.o
                0x08002610                APBPrescTable
 .rodata.aPLLMULFactorTable.1
                0x08002618       0x10 ./Drivers/STM32F1xx_HAL_Driver/Src/stm32f1xx_hal_rcc.o
 .rodata.aPredivFactorTable.0
                0x08002628        0x2 ./Drivers/STM32F1xx_HAL_Driver/Src/stm32f1xx_hal_rcc.o
                0x0800262c                        . = ALIGN (0x4)
 *fill*         0x0800262a        0x2 

.ARM.extab      0x0800262c        0x0
                0x0800262c                        . = ALIGN (0x4)
 *(.ARM.extab* .gnu.linkonce.armextab.*)
                0x0800262c                        . = ALIGN (0x4)

.ARM            0x0800262c        0x0
                0x0800262c                        . = ALIGN (0x4)
                0x0800262c                        __exidx_start = .
 *(.ARM.exidx*)
                0x0800262c                        __exidx_end = .
                0x0800262c                        . = ALIGN (0x4)

.preinit_array  0x0800262c        0x0
                0x0800262c                        . = ALIGN (0x4)
                0x0800262c                        PROVIDE (__preinit_array_start = .)
 *(.preinit_array*)
                0x0800262c                        PROVIDE (__preinit_array_end = .)
                0x0800262c                        . = ALIGN (0x4)

.init_array     0x0800262c        0x4
                0x0800262c                        . = ALIGN (0x4)
                0x0800262c                        PROVIDE (__init_array_start = .)
 *(SORT_BY_NAME(.init_array.*))
 *(.init_array*)
 .init_array    0x0800262c        0x4 /home/risksis/st/stm32cubeide_1.19.0/plugins/com.st.stm32cube.ide.mcu.externaltools.gnu-tools-for-stm32.13.3.rel1.linux64_1.0.0.202410170706/tools/bin/../lib/gcc/arm-none-eabi/13.3.1/thumb/v7-m/nofp/crtbegin.o
                0x08002630                        PROVIDE (__init_array_end = .)
                0x08002630                        . = ALIGN (0x4)

.fini_array     0x08002630        0x4
                0x08002630                        . = ALIGN (0x4)
                [!provide]                        PROVIDE (__fini_array_start = .)
 *(SORT_BY_NAME(.fini_array.*))
 *(.fini_array*)
 .fini_array    0x08002630        0x4 /home/risksis/st/stm32cubeide_1.19.0/plugins/com.st.stm32cube.ide.mcu.externaltools.gnu-tools-for-stm32.13.3.rel1.linux64_1.0.0.202410170706/tools/bin/../lib/gcc/arm-none-eabi/13.3.1/thumb/v7-m/nofp/crtbegin.o
                [!provide]                        PROVIDE (__fini_array_end = .)
                0x08002634                        . = ALIGN (0x4)
                0x08002634                        _sidata = LOADADDR (.data)

.rel.dyn        0x08002634        0x0
 .rel.iplt      0x08002634        0x0 /home/risksis/st/stm32cubeide_1.19.0/plugins/com.st.stm32cube.ide.mcu.externaltools.gnu-tools-for-stm32.13.3.rel1.linux64_1.0.0.202410170706/tools/bin/../lib/gcc/arm-none-eabi/13.3.1/thumb/v7-m/nofp/crtbegin.o

.data           0x20000000        0xc load address 0x08002634
                0x20000000                        . = ALIGN (0x4)
                0x20000000                        _sdata = .
 *(.data)
 *(.data*)
 .data.SystemCoreClock
                0x20000000        0x4 ./Core/Src/system_stm32f1xx.o
                0x20000000                SystemCoreClock
 .data.uwTickPrio
                0x20000004        0x4 ./Drivers/STM32F1xx_HAL_Driver/Src/stm32f1xx_hal.o
                0x20000004                uwTickPrio
 .data.uwTickFreq
                0x20000008        0x1 ./Drivers/STM32F1xx_HAL_Driver/Src/stm32f1xx_hal.o
                0x20000008                uwTickFreq
 *(.RamFunc)
 *(.RamFunc*)
                0x2000000c                        . = ALIGN (0x4)
 *fill*         0x20000009        0x3 
                0x2000000c                        _edata = .

.igot.plt       0x2000000c        0x0 load address 0x08002640
 .igot.plt      0x2000000c        0x0 /home/risksis/st/stm32cubeide_1.19.0/plugins/com.st.stm32cube.ide.mcu.externaltools.gnu-tools-for-stm32.13.3.rel1.linux64_1.0.0.202410170706/tools/bin/../lib/gcc/arm-none-eabi/13.3.1/thumb/v7-m/nofp/crtbegin.o
                0x2000000c                        . = ALIGN (0x4)

.bss            0x2000000c       0xf8 load address 0x08002640
                0x2000000c                        _sbss = .
                0x2000000c                        __bss_start__ = _sbss
 *(.bss)
 .bss           0x2000000c       0x1c /home/risksis/st/stm32cubeide_1.19.0/plugins/com.st.stm32cube.ide.mcu.externaltools.gnu-tools-for-stm32.13.3.rel1.linux64_1.0.0.202410170706/tools/bin/../lib/gcc/arm-none-eabi/13.3.1/thumb/v7-m/nofp/crtbegin.o
 *(.bss*)
 .bss.htim1     0x20000028       0x48 ./Core/Src/tim.o
                0x20000028                htim1
 .bss.htim2     0x20000070       0x48 ./Core/Src/tim.o
                0x20000070                htim2
 .bss.huart1    0x200000b8       0x48 ./Core/Src/usart.o
                0x200000b8                huart1
 .bss.uwTick    0x20000100        0x4 ./Drivers/STM32F1xx_HAL_Driver/Src/stm32f1xx_hal.o
                0x20000100                uwTick
 *(COMMON)
                0x20000104                        . = ALIGN (0x4)
                0x20000104                        _ebss = .
                0x20000104                        __bss_end__ = _ebss

._user_heap_stack
                0x20000104      0x604 load address 0x08002640
                0x20000108                        . = ALIGN (0x8)
 *fill*         0x20000104        0x4 
                [!provide]                        PROVIDE (end = .)
                0x20000108                        PROVIDE (_end = .)
                0x20000308                        . = (. + _Min_Heap_Size)
 *fill*         0x20000108      0x200 
                0x20000708                        . = (. + _Min_Stack_Size)
 *fill*         0x20000308      0x400 
                0x20000708                        . = ALIGN (0x8)

/DISCARD/
 libc.a(*)
 libm.a(*)
 libgcc.a(*)

.ARM.attributes
                0x00000000       0x29
 *(.ARM.attributes)
 .ARM.attributes
                0x00000000       0x1d /home/risksis/st/stm32cubeide_1.19.0/plugins/com.st.stm32cube.ide.mcu.externaltools.gnu-tools-for-stm32.13.3.rel1.linux64_1.0.0.202410170706/tools/bin/../lib/gcc/arm-none-eabi/13.3.1/thumb/v7-m/nofp/crti.o
 .ARM.attributes
                0x0000001d       0x2d /home/risksis/st/stm32cubeide_1.19.0/plugins/com.st.stm32cube.ide.mcu.externaltools.gnu-tools-for-stm32.13.3.rel1.linux64_1.0.0.202410170706/tools/bin/../lib/gcc/arm-none-eabi/13.3.1/thumb/v7-m/nofp/crtbegin.o
 .ARM.attributes
                0x0000004a       0x2d ./Core/Src/gpio.o
 .ARM.attributes
                0x00000077       0x2d ./Core/Src/main.o
 .ARM.attributes
                0x000000a4       0x2d ./Core/Src/stm32f1xx_hal_msp.o
 .ARM.attributes
                0x000000d1       0x2d ./Core/Src/stm32f1xx_it.o
 .ARM.attributes
                0x000000fe       0x2d ./Core/Src/system_stm32f1xx.o
 .ARM.attributes
                0x0000012b       0x2d ./Core/Src/tim.o
 .ARM.attributes
                0x00000158       0x2d ./Core/Src/usart.o
 .ARM.attributes
                0x00000185       0x21 ./Core/Startup/startup_stm32f103c8tx.o
 .ARM.attributes
                0x000001a6       0x2d ./Drivers/STM32F1xx_HAL_Driver/Src/stm32f1xx_hal.o
 .ARM.attributes
                0x000001d3       0x2d ./Drivers/STM32F1xx_HAL_Driver/Src/stm32f1xx_hal_cortex.o
 .ARM.attributes
                0x00000200       0x2d ./Drivers/STM32F1xx_HAL_Driver/Src/stm32f1xx_hal_gpio.o
 .ARM.attributes
                0x0000022d       0x2d ./Drivers/STM32F1xx_HAL_Driver/Src/stm32f1xx_hal_rcc.o
 .ARM.attributes
                0x0000025a       0x2d ./Drivers/STM32F1xx_HAL_Driver/Src/stm32f1xx_hal_tim.o
 .ARM.attributes
                0x00000287       0x2d ./Drivers/STM32F1xx_HAL_Driver/Src/stm32f1xx_hal_tim_ex.o
 .ARM.attributes
                0x000002b4       0x2d ./Drivers/STM32F1xx_HAL_Driver/Src/stm32f1xx_hal_uart.o
 .ARM.attributes
                0x000002e1       0x2d /home/risksis/st/stm32cubeide_1.19.0/plugins/com.st.stm32cube.ide.mcu.externaltools.gnu-tools-for-stm32.13.3.rel1.linux64_1.0.0.202410170706/tools/bin/../lib/gcc/arm-none-eabi/13.3.1/../../../../arm-none-eabi/lib/thumb/v7-m/nofp/libc_nano.a(libc_a-memset.o)
 .ARM.attributes
                0x0000030e       0x2d /home/risksis/st/stm32cubeide_1.19.0/plugins/com.st.stm32cube.ide.mcu.externaltools.gnu-tools-for-stm32.13.3.rel1.linux64_1.0.0.202410170706/tools/bin/../lib/gcc/arm-none-eabi/13.3.1/../../../../arm-none-eabi/lib/thumb/v7-m/nofp/libc_nano.a(libc_a-init.o)
 .ARM.attributes
                0x0000033b       0x1d /home/risksis/st/stm32cubeide_1.19.0/plugins/com.st.stm32cube.ide.mcu.externaltools.gnu-tools-for-stm32.13.3.rel1.linux64_1.0.0.202410170706/tools/bin/../lib/gcc/arm-none-eabi/13.3.1/thumb/v7-m/nofp/crtn.o
OUTPUT(test.elf elf32-littlearm)
LOAD linker stubs
LOAD /home/risksis/st/stm32cubeide_1.19.0/plugins/com.st.stm32cube.ide.mcu.externaltools.gnu-tools-for-stm32.13.3.rel1.linux64_1.0.0.202410170706/tools/bin/../lib/gcc/arm-none-eabi/13.3.1/../../../../arm-none-eabi/lib/thumb/v7-m/nofp/libc.a
LOAD /home/risksis/st/stm32cubeide_1.19.0/plugins/com.st.stm32cube.ide.mcu.externaltools.gnu-tools-for-stm32.13.3.rel1.linux64_1.0.0.202410170706/tools/bin/../lib/gcc/arm-none-eabi/13.3.1/../../../../arm-none-eabi/lib/thumb/v7-m/nofp/libm.a
LOAD /home/risksis/st/stm32cubeide_1.19.0/plugins/com.st.stm32cube.ide.mcu.externaltools.gnu-tools-for-stm32.13.3.rel1.linux64_1.0.0.202410170706/tools/bin/../lib/gcc/arm-none-eabi/13.3.1/thumb/v7-m/nofp/libgcc.a

.debug_info     0x00000000     0xaf24
 .debug_info    0x00000000      0x184 ./Core/Src/gpio.o
 .debug_info    0x00000184      0x821 ./Core/Src/main.o
 .debug_info    0x000009a5      0x1f1 ./Core/Src/stm32f1xx_hal_msp.o
 .debug_info    0x00000b96      0x113 ./Core/Src/stm32f1xx_it.o
 .debug_info    0x00000ca9      0x222 ./Core/Src/system_stm32f1xx.o
 .debug_info    0x00000ecb      0xc11 ./Core/Src/tim.o
 .debug_info    0x00001adc      0x82c ./Core/Src/usart.o
 .debug_info    0x00002308       0x30 ./Core/Startup/startup_stm32f103c8tx.o
 .debug_info    0x00002338      0x704 ./Drivers/STM32F1xx_HAL_Driver/Src/stm32f1xx_hal.o
 .debug_info    0x00002a3c      0xa87 ./Drivers/STM32F1xx_HAL_Driver/Src/stm32f1xx_hal_cortex.o
 .debug_info    0x000034c3      0x5ab ./Drivers/STM32F1xx_HAL_Driver/Src/stm32f1xx_hal_gpio.o
 .debug_info    0x00003a6e      0x7d5 ./Drivers/STM32F1xx_HAL_Driver/Src/stm32f1xx_hal_rcc.o
 .debug_info    0x00004243     0x2959 ./Drivers/STM32F1xx_HAL_Driver/Src/stm32f1xx_hal_tim.o
 .debug_info    0x00006b9c     0x149b ./Drivers/STM32F1xx_HAL_Driver/Src/stm32f1xx_hal_tim_ex.o
 .debug_info    0x00008037     0x2eed ./Drivers/STM32F1xx_HAL_Driver/Src/stm32f1xx_hal_uart.o

.debug_abbrev   0x00000000     0x1b63
 .debug_abbrev  0x00000000       0xc6 ./Core/Src/gpio.o
 .debug_abbrev  0x000000c6      0x21f ./Core/Src/main.o
 .debug_abbrev  0x000002e5       0xdb ./Core/Src/stm32f1xx_hal_msp.o
 .debug_abbrev  0x000003c0       0x73 ./Core/Src/stm32f1xx_it.o
 .debug_abbrev  0x00000433      0x13f ./Core/Src/system_stm32f1xx.o
 .debug_abbrev  0x00000572      0x26f ./Core/Src/tim.o
 .debug_abbrev  0x000007e1      0x1f7 ./Core/Src/usart.o
 .debug_abbrev  0x000009d8       0x24 ./Core/Startup/startup_stm32f103c8tx.o
 .debug_abbrev  0x000009fc      0x201 ./Drivers/STM32F1xx_HAL_Driver/Src/stm32f1xx_hal.o
 .debug_abbrev  0x00000bfd      0x2f8 ./Drivers/STM32F1xx_HAL_Driver/Src/stm32f1xx_hal_cortex.o
 .debug_abbrev  0x00000ef5      0x1ca ./Drivers/STM32F1xx_HAL_Driver/Src/stm32f1xx_hal_gpio.o
 .debug_abbrev  0x000010bf      0x2b3 ./Drivers/STM32F1xx_HAL_Driver/Src/stm32f1xx_hal_rcc.o
 .debug_abbrev  0x00001372      0x277 ./Drivers/STM32F1xx_HAL_Driver/Src/stm32f1xx_hal_tim.o
 .debug_abbrev  0x000015e9      0x282 ./Drivers/STM32F1xx_HAL_Driver/Src/stm32f1xx_hal_tim_ex.o
 .debug_abbrev  0x0000186b      0x2f8 ./Drivers/STM32F1xx_HAL_Driver/Src/stm32f1xx_hal_uart.o

.debug_aranges  0x00000000      0xbb0
 .debug_aranges
                0x00000000       0x20 ./Core/Src/gpio.o
 .debug_aranges
                0x00000020       0x38 ./Core/Src/main.o
 .debug_aranges
                0x00000058       0x20 ./Core/Src/stm32f1xx_hal_msp.o
 .debug_aranges
                0x00000078       0x60 ./Core/Src/stm32f1xx_it.o
 .debug_aranges
                0x000000d8       0x28 ./Core/Src/system_stm32f1xx.o
 .debug_aranges
                0x00000100       0x50 ./Core/Src/tim.o
 .debug_aranges
                0x00000150       0x30 ./Core/Src/usart.o
 .debug_aranges
                0x00000180       0x28 ./Core/Startup/startup_stm32f103c8tx.o
 .debug_aranges
                0x000001a8       0xe0 ./Drivers/STM32F1xx_HAL_Driver/Src/stm32f1xx_hal.o
 .debug_aranges
                0x00000288      0x100 ./Drivers/STM32F1xx_HAL_Driver/Src/stm32f1xx_hal_cortex.o
 .debug_aranges
                0x00000388       0x58 ./Drivers/STM32F1xx_HAL_Driver/Src/stm32f1xx_hal_gpio.o
 .debug_aranges
                0x000003e0       0x90 ./Drivers/STM32F1xx_HAL_Driver/Src/stm32f1xx_hal_rcc.o
 .debug_aranges
                0x00000470      0x3d0 ./Drivers/STM32F1xx_HAL_Driver/Src/stm32f1xx_hal_tim.o
 .debug_aranges
                0x00000840      0x168 ./Drivers/STM32F1xx_HAL_Driver/Src/stm32f1xx_hal_tim_ex.o
 .debug_aranges
                0x000009a8      0x208 ./Drivers/STM32F1xx_HAL_Driver/Src/stm32f1xx_hal_uart.o

.debug_rnglists
                0x00000000      0x920
 .debug_rnglists
                0x00000000       0x13 ./Core/Src/gpio.o
 .debug_rnglists
                0x00000013       0x25 ./Core/Src/main.o
 .debug_rnglists
                0x00000038       0x13 ./Core/Src/stm32f1xx_hal_msp.o
 .debug_rnglists
                0x0000004b       0x43 ./Core/Src/stm32f1xx_it.o
 .debug_rnglists
                0x0000008e       0x1a ./Core/Src/system_stm32f1xx.o
 .debug_rnglists
                0x000000a8       0x3b ./Core/Src/tim.o
 .debug_rnglists
                0x000000e3       0x20 ./Core/Src/usart.o
 .debug_rnglists
                0x00000103       0x19 ./Core/Startup/startup_stm32f103c8tx.o
 .debug_rnglists
                0x0000011c       0xa3 ./Drivers/STM32F1xx_HAL_Driver/Src/stm32f1xx_hal.o
 .debug_rnglists
                0x000001bf       0xbb ./Drivers/STM32F1xx_HAL_Driver/Src/stm32f1xx_hal_cortex.o
 .debug_rnglists
                0x0000027a       0x3f ./Drivers/STM32F1xx_HAL_Driver/Src/stm32f1xx_hal_gpio.o
 .debug_rnglists
                0x000002b9       0x6c ./Drivers/STM32F1xx_HAL_Driver/Src/stm32f1xx_hal_rcc.o
 .debug_rnglists
                0x00000325      0x31a ./Drivers/STM32F1xx_HAL_Driver/Src/stm32f1xx_hal_tim.o
 .debug_rnglists
                0x0000063f      0x125 ./Drivers/STM32F1xx_HAL_Driver/Src/stm32f1xx_hal_tim_ex.o
 .debug_rnglists
                0x00000764      0x1bc ./Drivers/STM32F1xx_HAL_Driver/Src/stm32f1xx_hal_uart.o

.debug_macro    0x00000000    0x17009
 .debug_macro   0x00000000      0x1b7 ./Core/Src/gpio.o
 .debug_macro   0x000001b7      0xacc ./Core/Src/gpio.o
 .debug_macro   0x00000c83      0x21b ./Core/Src/gpio.o
 .debug_macro   0x00000e9e       0x2e ./Core/Src/gpio.o
 .debug_macro   0x00000ecc       0x22 ./Core/Src/gpio.o
 .debug_macro   0x00000eee       0x22 ./Core/Src/gpio.o
 .debug_macro   0x00000f10       0x8e ./Core/Src/gpio.o
 .debug_macro   0x00000f9e       0x51 ./Core/Src/gpio.o
 .debug_macro   0x00000fef      0x103 ./Core/Src/gpio.o
 .debug_macro   0x000010f2       0x6a ./Core/Src/gpio.o
 .debug_macro   0x0000115c      0x1df ./Core/Src/gpio.o
 .debug_macro   0x0000133b       0x1c ./Core/Src/gpio.o
 .debug_macro   0x00001357       0x22 ./Core/Src/gpio.o
 .debug_macro   0x00001379       0xbd ./Core/Src/gpio.o
 .debug_macro   0x00001436      0xd23 ./Core/Src/gpio.o
 .debug_macro   0x00002159     0xe09e ./Core/Src/gpio.o
 .debug_macro   0x000101f7       0x6d ./Core/Src/gpio.o
 .debug_macro   0x00010264     0x34a2 ./Core/Src/gpio.o
 .debug_macro   0x00013706      0x190 ./Core/Src/gpio.o
 .debug_macro   0x00013896       0x5c ./Core/Src/gpio.o
 .debug_macro   0x000138f2      0x5bc ./Core/Src/gpio.o
 .debug_macro   0x00013eae      0x289 ./Core/Src/gpio.o
 .debug_macro   0x00014137      0x1cb ./Core/Src/gpio.o
 .debug_macro   0x00014302      0x114 ./Core/Src/gpio.o
 .debug_macro   0x00014416      0x1b2 ./Core/Src/gpio.o
 .debug_macro   0x000145c8       0x27 ./Core/Src/gpio.o
 .debug_macro   0x000145ef      0x136 ./Core/Src/gpio.o
 .debug_macro   0x00014725      0x1bc ./Core/Src/gpio.o
 .debug_macro   0x000148e1       0x34 ./Core/Src/gpio.o
 .debug_macro   0x00014915       0x3c ./Core/Src/gpio.o
 .debug_macro   0x00014951       0x57 ./Core/Src/gpio.o
 .debug_macro   0x000149a8       0x87 ./Core/Src/gpio.o
 .debug_macro   0x00014a2f      0x240 ./Core/Src/gpio.o
 .debug_macro   0x00014c6f      0x140 ./Core/Src/gpio.o
 .debug_macro   0x00014daf      0x8ed ./Core/Src/gpio.o
 .debug_macro   0x0001569c      0x28e ./Core/Src/gpio.o
 .debug_macro   0x0001592a       0x83 ./Core/Src/gpio.o
 .debug_macro   0x000159ad      0x1cf ./Core/Src/main.o
 .debug_macro   0x00015b7c      0x1ad ./Core/Src/stm32f1xx_hal_msp.o
 .debug_macro   0x00015d29      0x1b7 ./Core/Src/stm32f1xx_it.o
 .debug_macro   0x00015ee0      0x1a3 ./Core/Src/system_stm32f1xx.o
 .debug_macro   0x00016083      0x1b7 ./Core/Src/tim.o
 .debug_macro   0x0001623a      0x1b7 ./Core/Src/usart.o
 .debug_macro   0x000163f1      0x1c7 ./Drivers/STM32F1xx_HAL_Driver/Src/stm32f1xx_hal.o
 .debug_macro   0x000165b8      0x1a3 ./Drivers/STM32F1xx_HAL_Driver/Src/stm32f1xx_hal_cortex.o
 .debug_macro   0x0001675b      0x20e ./Drivers/STM32F1xx_HAL_Driver/Src/stm32f1xx_hal_gpio.o
 .debug_macro   0x00016969      0x1b5 ./Drivers/STM32F1xx_HAL_Driver/Src/stm32f1xx_hal_rcc.o
 .debug_macro   0x00016b1e      0x1a4 ./Drivers/STM32F1xx_HAL_Driver/Src/stm32f1xx_hal_tim.o
 .debug_macro   0x00016cc2      0x1a3 ./Drivers/STM32F1xx_HAL_Driver/Src/stm32f1xx_hal_tim_ex.o
 .debug_macro   0x00016e65      0x1a4 ./Drivers/STM32F1xx_HAL_Driver/Src/stm32f1xx_hal_uart.o

.debug_line     0x00000000     0xccb7
 .debug_line    0x00000000      0x663 ./Core/Src/gpio.o
 .debug_line    0x00000663      0x718 ./Core/Src/main.o
 .debug_line    0x00000d7b      0x666 ./Core/Src/stm32f1xx_hal_msp.o
 .debug_line    0x000013e1      0x714 ./Core/Src/stm32f1xx_it.o
 .debug_line    0x00001af5      0x6e4 ./Core/Src/system_stm32f1xx.o
 .debug_line    0x000021d9      0x84b ./Core/Src/tim.o
 .debug_line    0x00002a24      0x6da ./Core/Src/usart.o
 .debug_line    0x000030fe       0x78 ./Core/Startup/startup_stm32f103c8tx.o
 .debug_line    0x00003176      0x915 ./Drivers/STM32F1xx_HAL_Driver/Src/stm32f1xx_hal.o
 .debug_line    0x00003a8b      0xadf ./Drivers/STM32F1xx_HAL_Driver/Src/stm32f1xx_hal_cortex.o
 .debug_line    0x0000456a      0x972 ./Drivers/STM32F1xx_HAL_Driver/Src/stm32f1xx_hal_gpio.o
 .debug_line    0x00004edc      0xdce ./Drivers/STM32F1xx_HAL_Driver/Src/stm32f1xx_hal_rcc.o
 .debug_line    0x00005caa     0x3403 ./Drivers/STM32F1xx_HAL_Driver/Src/stm32f1xx_hal_tim.o
 .debug_line    0x000090ad     0x17d9 ./Drivers/STM32F1xx_HAL_Driver/Src/stm32f1xx_hal_tim_ex.o
 .debug_line    0x0000a886     0x2431 ./Drivers/STM32F1xx_HAL_Driver/Src/stm32f1xx_hal_uart.o

.debug_str      0x00000000    0x8675f
 .debug_str     0x00000000    0x8675f ./Core/Src/gpio.o
                              0x83741 (size before relaxing)
 .debug_str     0x0008675f    0x83dc6 ./Core/Src/main.o
 .debug_str     0x0008675f    0x8376f ./Core/Src/stm32f1xx_hal_msp.o
 .debug_str     0x0008675f    0x83784 ./Core/Src/stm32f1xx_it.o
 .debug_str     0x0008675f    0x8379a ./Core/Src/system_stm32f1xx.o
 .debug_str     0x0008675f    0x83fa0 ./Core/Src/tim.o
 .debug_str     0x0008675f    0x83c5d ./Core/Src/usart.o
 .debug_str     0x0008675f       0x7b ./Core/Startup/startup_stm32f103c8tx.o
 .debug_str     0x0008675f    0x83ecd ./Drivers/STM32F1xx_HAL_Driver/Src/stm32f1xx_hal.o
 .debug_str     0x0008675f    0x83e19 ./Drivers/STM32F1xx_HAL_Driver/Src/stm32f1xx_hal_cortex.o
 .debug_str     0x0008675f    0x83b20 ./Drivers/STM32F1xx_HAL_Driver/Src/stm32f1xx_hal_gpio.o
 .debug_str     0x0008675f    0x83bc9 ./Drivers/STM32F1xx_HAL_Driver/Src/stm32f1xx_hal_rcc.o
 .debug_str     0x0008675f    0x84bcb ./Drivers/STM32F1xx_HAL_Driver/Src/stm32f1xx_hal_tim.o
 .debug_str     0x0008675f    0x843d7 ./Drivers/STM32F1xx_HAL_Driver/Src/stm32f1xx_hal_tim_ex.o
 .debug_str     0x0008675f    0x8423a ./Drivers/STM32F1xx_HAL_Driver/Src/stm32f1xx_hal_uart.o

.comment        0x00000000       0x43
 .comment       0x00000000       0x43 ./Core/Src/gpio.o
                                 0x44 (size before relaxing)
 .comment       0x00000043       0x44 ./Core/Src/main.o
 .comment       0x00000043       0x44 ./Core/Src/stm32f1xx_hal_msp.o
 .comment       0x00000043       0x44 ./Core/Src/stm32f1xx_it.o
 .comment       0x00000043       0x44 ./Core/Src/system_stm32f1xx.o
 .comment       0x00000043       0x44 ./Core/Src/tim.o
 .comment       0x00000043       0x44 ./Core/Src/usart.o
 .comment       0x00000043       0x44 ./Drivers/STM32F1xx_HAL_Driver/Src/stm32f1xx_hal.o
 .comment       0x00000043       0x44 ./Drivers/STM32F1xx_HAL_Driver/Src/stm32f1xx_hal_cortex.o
 .comment       0x00000043       0x44 ./Drivers/STM32F1xx_HAL_Driver/Src/stm32f1xx_hal_gpio.o
 .comment       0x00000043       0x44 ./Drivers/STM32F1xx_HAL_Driver/Src/stm32f1xx_hal_rcc.o
 .comment       0x00000043       0x44 ./Drivers/STM32F1xx_HAL_Driver/Src/stm32f1xx_hal_tim.o
 .comment       0x00000043       0x44 ./Drivers/STM32F1xx_HAL_Driver/Src/stm32f1xx_hal_tim_ex.o
 .comment       0x00000043       0x44 ./Drivers/STM32F1xx_HAL_Driver/Src/stm32f1xx_hal_uart.o

.debug_frame    0x00000000     0x3024
 .debug_frame   0x00000000       0x38 ./Core/Src/gpio.o
 .debug_frame   0x00000038       0x90 ./Core/Src/main.o
 .debug_frame   0x000000c8       0x38 ./Core/Src/stm32f1xx_hal_msp.o
 .debug_frame   0x00000100      0x104 ./Core/Src/stm32f1xx_it.o
 .debug_frame   0x00000204       0x58 ./Core/Src/system_stm32f1xx.o
 .debug_frame   0x0000025c      0x114 ./Core/Src/tim.o
 .debug_frame   0x00000370       0x74 ./Core/Src/usart.o
 .debug_frame   0x000003e4      0x334 ./Drivers/STM32F1xx_HAL_Driver/Src/stm32f1xx_hal.o
 .debug_frame   0x00000718      0x428 ./Drivers/STM32F1xx_HAL_Driver/Src/stm32f1xx_hal_cortex.o
 .debug_frame   0x00000b40      0x14c ./Drivers/STM32F1xx_HAL_Driver/Src/stm32f1xx_hal_gpio.o
 .debug_frame   0x00000c8c      0x218 ./Drivers/STM32F1xx_HAL_Driver/Src/stm32f1xx_hal_rcc.o
 .debug_frame   0x00000ea4     0x11b8 ./Drivers/STM32F1xx_HAL_Driver/Src/stm32f1xx_hal_tim.o
 .debug_frame   0x0000205c      0x638 ./Drivers/STM32F1xx_HAL_Driver/Src/stm32f1xx_hal_tim_ex.o
 .debug_frame   0x00002694      0x944 ./Drivers/STM32F1xx_HAL_Driver/Src/stm32f1xx_hal_uart.o
 .debug_frame   0x00002fd8       0x20 /home/risksis/st/stm32cubeide_1.19.0/plugins/com.st.stm32cube.ide.mcu.externaltools.gnu-tools-for-stm32.13.3.rel1.linux64_1.0.0.202410170706/tools/bin/../lib/gcc/arm-none-eabi/13.3.1/../../../../arm-none-eabi/lib/thumb/v7-m/nofp/libc_nano.a(libc_a-memset.o)
 .debug_frame   0x00002ff8       0x2c /home/risksis/st/stm32cubeide_1.19.0/plugins/com.st.stm32cube.ide.mcu.externaltools.gnu-tools-for-stm32.13.3.rel1.linux64_1.0.0.202410170706/tools/bin/../lib/gcc/arm-none-eabi/13.3.1/../../../../arm-none-eabi/lib/thumb/v7-m/nofp/libc_nano.a(libc_a-init.o)

.debug_line_str
                0x00000000       0x5f
 .debug_line_str
                0x00000000       0x5f ./Core/Startup/startup_stm32f103c8tx.o
